#-----------------------------------------------------------
# Vivado v2019.1 (64-bit)
# SW Build 2552052 on Fri May 24 14:49:42 MDT 2019
# IP Build 2548770 on Fri May 24 18:01:18 MDT 2019
# Start of session at: Fri Mar 22 12:08:32 2024
# Process ID: 18588
# Current directory: C:/Users/asus/Documents/vivado/lab3/project_1
# Command line: vivado.exe -gui_launcher_event rodinguilauncherevent8800 C:\Users\asus\Documents\vivado\lab3\project_1\project_1.xpr
# Log file: C:/Users/asus/Documents/vivado/lab3/project_1/vivado.log
# Journal file: C:/Users/asus/Documents/vivado/lab3/project_1\vivado.jou
#-----------------------------------------------------------
start_gui
open_project C:/Users/asus/Documents/vivado/lab3/project_1/project_1.xpr
update_compile_order -fileset sources_1
open_hw
connect_hw_server
open_hw_target
set_property PROGRAM.FILE {C:/Users/asus/Documents/vivado/lab3/project_1/project_1.runs/impl_1/func.bit} [get_hw_devices xc7a100t_0]
current_hw_device [get_hw_devices xc7a100t_0]
refresh_hw_device -update_hw_probes false [lindex [get_hw_devices xc7a100t_0] 0]
set_property PROBES.FILE {} [get_hw_devices xc7a100t_0]
set_property FULL_PROBES.FILE {} [get_hw_devices xc7a100t_0]
set_property PROGRAM.FILE {C:/Users/asus/Documents/vivado/lab3/project_1/project_1.runs/impl_1/func.bit} [get_hw_devices xc7a100t_0]
program_hw_devices [get_hw_devices xc7a100t_0]
refresh_hw_device [lindex [get_hw_devices xc7a100t_0] 0]
close_hw
reset_run impl_1
launch_runs impl_1 -jobs 3
wait_on_run impl_1
launch_runs impl_1 -to_step write_bitstream -jobs 3
wait_on_run impl_1
open_run impl_1
open_hw
connect_hw_server
open_hw_target
set_property PROGRAM.FILE {C:/Users/asus/Documents/vivado/lab3/project_1/project_1.runs/impl_1/func.bit} [get_hw_devices xc7a100t_0]
current_hw_device [get_hw_devices xc7a100t_0]
refresh_hw_device -update_hw_probes false [lindex [get_hw_devices xc7a100t_0] 0]
place_ports busy_o N15
save_constraints
close_design
refresh_hw_device [lindex [get_hw_devices xc7a100t_0] 0]
refresh_hw_device [lindex [get_hw_devices xc7a100t_0] 0]
refresh_hw_device [lindex [get_hw_devices xc7a100t_0] 0]
close_hw
reset_run synth_1
launch_runs impl_1 -jobs 3
wait_on_run impl_1
launch_runs impl_1 -to_step write_bitstream -jobs 3
wait_on_run impl_1
open_run impl_1
open_hw
connect_hw_server
